==========================================
SWITCH CYCLE LOG - Tue Aug  4 16:42:23 EAT 2026
==========================================

=== PRE-SWITCH STATE ===
Active environment: 
Previous environment: 
Blue health: {
    "status": "healthy",
    "version": "v1.3.0",
    "environment": "blue",
    "timestamp": "2026-08-04T00:00:00Z"
}
Green health: {
    "status": "healthy",
    "version": "v1.4.0",
    "environment": "green",
    "timestamp": "2026-08-04T00:00:00Z"
}
Nginx health: {
    "status": "healthy",
    "version": "v1.3.0",
    "environment": "blue",
    "timestamp": "2026-08-04T00:00:00Z"
}

=== SWITCH EXECUTION ===
Start time: Tue Aug  4 16:42:24 EAT 2026
Switching from unknown to green...
Checking target service (kk-api-green) health...
Updating nginx configuration...
nginx: the configuration file /etc/nginx/nginx.conf syntax is ok
nginx: configuration file /etc/nginx/nginx.conf test is successful
Updating state files...
Switch to green complete!
Active: green
Previous: 
Port: 3001
Health URL: http://127.0.0.1:80/health
End time: Tue Aug  4 16:42:24 EAT 2026

=== POST-SWITCH STATE ===
Active environment: green
Previous environment: 
Nginx health: {
    "status": "healthy",
    "version": "v1.3.0",
    "environment": "blue",
    "timestamp": "2026-08-04T00:00:00Z"
}
