============================================
KijaniKiosk Foundation Provisioning Script
============================================

============================================
PHASE 1: Service Account Setup
============================================
kijanikiosk:x:1001:kk-api,kk-payments,kk-logs
Group kijanikiosk already exists
uid=997(kk-api) gid=973(kk-api) groups=973(kk-api),1001(kijanikiosk)
User kk-api already exists
uid=994(kk-payments) gid=1001(kijanikiosk) groups=1001(kijanikiosk)
User kk-payments already exists
uid=993(kk-logs) gid=1001(kijanikiosk) groups=1001(kijanikiosk)
User kk-logs already exists
Adding users to kijanikiosk group
Phase 1 complete

============================================
PHASE 2: Directory Structure & Permissions
============================================
Permissions on /opt/kijanikiosk/config/ are correct
Phase 2 complete

============================================
PHASE 3: Package Management
============================================
Hit:1 http://security.ubuntu.com/ubuntu resolute-security InRelease
Hit:2 http://archive.ubuntu.com/ubuntu resolute InRelease
Hit:3 http://archive.ubuntu.com/ubuntu resolute-updates InRelease
Hit:4 http://archive.ubuntu.com/ubuntu resolute-backports InRelease
Reading package lists...
Reading package lists...
Building dependency tree...
Reading state information...
nginx is already the newest version (1.28.3-2ubuntu1.6).
curl is already the newest version (8.18.0-1ubuntu2.1).
lsof is already the newest version (4.99.4+dfsg-2build2).
sysstat is already the newest version (12.7.7-0ubuntu2).
Solving dependencies...
The following package was automatically installed and is no longer required:
  grub-pc-bin
Use 'sudo apt autoremove' to remove it.
0 upgraded, 0 newly installed, 0 to remove and 68 not upgraded.
nginx was already set on hold.
Phase 3 complete

============================================
PHASE 4: Configuration Files
============================================
Phase 4 complete

============================================
PHASE 5: Firewall Configuration
============================================
Resetting UFW to baseline
Backing up 'user.rules' to '/etc/ufw/user.rules.20260625_095559'
Backing up 'before.rules' to '/etc/ufw/before.rules.20260625_095559'
Backing up 'after.rules' to '/etc/ufw/after.rules.20260625_095559'
Backing up 'user6.rules' to '/etc/ufw/user6.rules.20260625_095559'
Backing up 'before6.rules' to '/etc/ufw/before6.rules.20260625_095559'
Backing up 'after6.rules' to '/etc/ufw/after6.rules.20260625_095559'

Default incoming policy changed to 'deny'
(be sure to update your rules accordingly)
Default outgoing policy changed to 'allow'
(be sure to update your rules accordingly)
Rules updated
Rules updated (v6)
Rules updated
Rules updated (v6)
Rules updated
Rules updated
Rules updated (v6)
Firewall is active and enabled on system startup
Phase 5 complete

============================================
PHASE 6: systemd Service Units
============================================
Phase 6 complete

============================================
PHASE 7: Journal Persistence & Log Rotation
============================================
warning: logrotate in debug mode does nothing except printing debug messages!  Consider using verbose mode (-v) instead if this is not what you want.

reading config file /etc/logrotate.d/kijanikiosk
Reading state from file: /var/lib/logrotate/status
Allocating hash table for state file, size 64 entries
Creating new state
Creating new state
Creating new state
Creating new state
Creating new state
Creating new state
Creating new state
Creating new state
Creating new state
Creating new state
Creating new state
Creating new state
Creating new state
Creating new state
Creating new state
Creating new state
Creating new state
Creating new state
Creating new state
Creating new state
Creating new state
Creating new state
Creating new state
Creating new state
Creating new state
Creating new state
Creating new state
Creating new state
Creating new state
Creating new state
Creating new state
Creating new state
Creating new state
Creating new state

Handling 1 logs

rotating pattern: /opt/kijanikiosk/shared/logs/*.log after 1 days empty log files are not rotated, (7 rotations), old logs are removed
considering log /opt/kijanikiosk/shared/logs/app.log
error: skipping "/opt/kijanikiosk/shared/logs/app.log" because parent directory has insecure permissions (It's world writable or writable by group which is not "root") Set "su" directive in config file to tell logrotate which user/group should be used for rotation.
Creating new state
